// Jest Snapshot v1, https://goo.gl/fbAQLP

exports[`<APP> Snapshot 1`] = `<App />`;
